cpu N=100000 64^3 order=1 deposit: 15.888 ms
cpu N=100000 64^3 order=1 gather: 25.863 ms
cpu N=100000 64^3 order=1 push: 28.595 ms
cpu N=100000 64^3 order=1 poisson: 11.604 ms
cpu N=100000 64^3 order=1 pipeline: 78.196 ms
cpu N=100000 64^3 order=2 deposit: 19.522 ms
cpu N=100000 64^3 order=2 gather: 56.199 ms
cpu N=100000 64^3 order=2 push: 28.205 ms
cpu N=100000 64^3 order=2 poisson: 11.592 ms
cpu N=100000 64^3 order=2 pipeline: 104.302 ms
cpu N=1000000 64^3 order=1 deposit: 127.522 ms
cpu N=1000000 64^3 order=1 gather: 250.399 ms
cpu N=1000000 64^3 order=1 push: 281.136 ms
cpu N=1000000 64^3 order=1 poisson: 11.717 ms
cpu N=1000000 64^3 order=1 pipeline: 702.564 ms
cpu N=1000000 64^3 order=2 deposit: 195.552 ms
cpu N=1000000 64^3 order=2 gather: 556.777 ms
cpu N=1000000 64^3 order=2 push: 296.466 ms
cpu N=1000000 64^3 order=2 poisson: 12.280 ms
cpu N=1000000 64^3 order=2 pipeline: 1069.223 ms
cpu N=10000000 64^3 order=1 deposit: 1381.978 ms
cpu N=10000000 64^3 order=1 gather: 2789.513 ms
cpu N=10000000 64^3 order=1 push: 2979.208 ms
cpu N=10000000 64^3 order=1 poisson: 13.502 ms
cpu N=10000000 64^3 order=1 pipeline: 7048.022 ms
cpu N=10000000 64^3 order=2 deposit: 2127.925 ms
cpu N=10000000 64^3 order=2 gather: 5282.505 ms
cpu N=10000000 64^3 order=2 push: 2879.763 ms
cpu N=10000000 64^3 order=2 poisson: 12.184 ms
cpu N=10000000 64^3 order=2 pipeline: 9646.078 ms
cpu N=100000 128^3 order=1 deposit: 28.002 ms
cpu N=100000 128^3 order=1 gather: 36.224 ms
cpu N=100000 128^3 order=1 push: 28.179 ms
cpu N=100000 128^3 order=1 poisson: 101.427 ms
cpu N=100000 128^3 order=1 pipeline: 207.386 ms
cpu N=100000 128^3 order=2 deposit: 51.582 ms
cpu N=100000 128^3 order=2 gather: 85.173 ms
cpu N=100000 128^3 order=2 push: 29.686 ms
cpu N=100000 128^3 order=2 poisson: 111.866 ms
cpu N=100000 128^3 order=2 pipeline: 273.271 ms
cpu N=1000000 128^3 order=1 deposit: 272.407 ms
cpu N=1000000 128^3 order=1 gather: 373.464 ms
cpu N=1000000 128^3 order=1 push: 297.369 ms
cpu N=1000000 128^3 order=1 poisson: 106.377 ms
cpu N=1000000 128^3 order=1 pipeline: 1008.284 ms
cpu N=1000000 128^3 order=2 deposit: 461.562 ms
cpu N=1000000 128^3 order=2 gather: 852.147 ms
cpu N=1000000 128^3 order=2 push: 297.635 ms
cpu N=1000000 128^3 order=2 poisson: 105.855 ms
cpu N=1000000 128^3 order=2 pipeline: 1729.359 ms
cpu N=10000000 128^3 order=1 deposit: 2524.377 ms
cpu N=10000000 128^3 order=1 gather: 3609.466 ms
cpu N=10000000 128^3 order=1 push: 2840.499 ms
cpu N=10000000 128^3 order=1 poisson: 103.103 ms
cpu N=10000000 128^3 order=1 pipeline: 9026.805 ms
cpu N=10000000 128^3 order=2 deposit: 4327.398 ms
cpu N=10000000 128^3 order=2 gather: 8223.869 ms
cpu N=10000000 128^3 order=2 push: 2897.970 ms
cpu N=10000000 128^3 order=2 poisson: 120.254 ms
cpu N=10000000 128^3 order=2 pipeline: 15315.468 ms
