cpu N=100000 64^3 order=1 deposit: 11.865 ms
cpu N=100000 64^3 order=1 gather: 23.418 ms
cpu N=100000 64^3 order=1 push: 31.117 ms
cpu N=100000 64^3 order=1 poisson: 13.538 ms
cpu N=100000 64^3 order=1 pipeline: 84.315 ms
cpu N=100000 64^3 order=2 deposit: 18.350 ms
cpu N=100000 64^3 order=2 gather: 50.168 ms
cpu N=100000 64^3 order=2 push: 30.655 ms
cpu N=100000 64^3 order=2 poisson: 13.485 ms
cpu N=100000 64^3 order=2 pipeline: 111.855 ms
cpu N=1000000 64^3 order=1 deposit: 132.392 ms
cpu N=1000000 64^3 order=1 gather: 236.250 ms
cpu N=1000000 64^3 order=1 push: 292.047 ms
cpu N=1000000 64^3 order=1 poisson: 11.727 ms
cpu N=1000000 64^3 order=1 pipeline: 612.973 ms
cpu N=1000000 64^3 order=2 deposit: 167.388 ms
cpu N=1000000 64^3 order=2 gather: 473.030 ms
cpu N=1000000 64^3 order=2 push: 277.370 ms
cpu N=1000000 64^3 order=2 poisson: 11.120 ms
cpu N=1000000 64^3 order=2 pipeline: 793.287 ms
cpu N=10000000 64^3 order=1 deposit: 1157.661 ms
cpu N=10000000 64^3 order=1 gather: 2106.270 ms
cpu N=10000000 64^3 order=1 push: 2676.369 ms
cpu N=10000000 64^3 order=1 poisson: 12.866 ms
cpu N=10000000 64^3 order=1 pipeline: 6101.049 ms
cpu N=10000000 64^3 order=2 deposit: 1636.817 ms
cpu N=10000000 64^3 order=2 gather: 4351.610 ms
cpu N=10000000 64^3 order=2 push: 3026.608 ms
cpu N=10000000 64^3 order=2 poisson: 12.777 ms
cpu N=10000000 64^3 order=2 pipeline: 8346.358 ms
cpu N=100000 128^3 order=1 deposit: 27.199 ms
cpu N=100000 128^3 order=1 gather: 36.231 ms
cpu N=100000 128^3 order=1 push: 29.623 ms
cpu N=100000 128^3 order=1 poisson: 126.617 ms
cpu N=100000 128^3 order=1 pipeline: 229.243 ms
cpu N=100000 128^3 order=2 deposit: 47.388 ms
cpu N=100000 128^3 order=2 gather: 87.768 ms
cpu N=100000 128^3 order=2 push: 30.310 ms
cpu N=100000 128^3 order=2 poisson: 128.060 ms
cpu N=100000 128^3 order=2 pipeline: 295.331 ms
cpu N=1000000 128^3 order=1 deposit: 257.996 ms
cpu N=1000000 128^3 order=1 gather: 358.603 ms
cpu N=1000000 128^3 order=1 push: 292.056 ms
cpu N=1000000 128^3 order=1 poisson: 120.101 ms
cpu N=1000000 128^3 order=1 pipeline: 1030.085 ms
cpu N=1000000 128^3 order=2 deposit: 442.914 ms
cpu N=1000000 128^3 order=2 gather: 806.765 ms
cpu N=1000000 128^3 order=2 push: 302.371 ms
cpu N=1000000 128^3 order=2 poisson: 121.387 ms
cpu N=1000000 128^3 order=2 pipeline: 1640.020 ms
cpu N=10000000 128^3 order=1 deposit: 2603.117 ms
cpu N=10000000 128^3 order=1 gather: 3823.349 ms
cpu N=10000000 128^3 order=1 push: 3060.571 ms
cpu N=10000000 128^3 order=1 poisson: 137.296 ms
cpu N=10000000 128^3 order=1 pipeline: 10101.308 ms
cpu N=10000000 128^3 order=2 deposit: 4675.365 ms
cpu N=10000000 128^3 order=2 gather: 9125.147 ms
cpu N=10000000 128^3 order=2 push: 3437.199 ms
cpu N=10000000 128^3 order=2 poisson: 136.667 ms
cpu N=10000000 128^3 order=2 pipeline: 16896.387 ms
