mlx N=100000 64^3 order=1 deposit: 0.912 ms
mlx N=100000 64^3 order=1 gather: 0.418 ms
mlx N=100000 64^3 order=1 push: 0.379 ms
mlx N=100000 64^3 order=1 poisson: 1.258 ms
mlx N=100000 64^3 order=1 pipeline: 1.985 ms
mlx N=100000 64^3 order=2 deposit: 1.920 ms
mlx N=100000 64^3 order=2 gather: 0.614 ms
mlx N=100000 64^3 order=2 push: 0.365 ms
mlx N=100000 64^3 order=2 poisson: 1.060 ms
mlx N=100000 64^3 order=2 pipeline: 3.223 ms
mlx N=1000000 64^3 order=1 deposit: 2.385 ms
mlx N=1000000 64^3 order=1 gather: 0.716 ms
mlx N=1000000 64^3 order=1 push: 0.695 ms
mlx N=1000000 64^3 order=1 poisson: 0.726 ms
mlx N=1000000 64^3 order=1 pipeline: 2.489 ms
mlx N=1000000 64^3 order=2 deposit: 3.518 ms
mlx N=1000000 64^3 order=2 gather: 1.032 ms
mlx N=1000000 64^3 order=2 push: 0.632 ms
mlx N=1000000 64^3 order=2 poisson: 0.655 ms
mlx N=1000000 64^3 order=2 pipeline: 5.093 ms
mlx N=10000000 64^3 order=1 deposit: 9.840 ms
mlx N=10000000 64^3 order=1 gather: 3.286 ms
mlx N=10000000 64^3 order=1 push: 4.082 ms
mlx N=10000000 64^3 order=1 poisson: 0.749 ms
mlx N=10000000 64^3 order=1 pipeline: 16.753 ms
mlx N=10000000 64^3 order=2 deposit: 31.806 ms
mlx N=10000000 64^3 order=2 gather: 7.451 ms
mlx N=10000000 64^3 order=2 push: 4.226 ms
mlx N=10000000 64^3 order=2 poisson: 0.720 ms
mlx N=10000000 64^3 order=2 pipeline: 43.160 ms
mlx N=100000 128^3 order=1 deposit: 0.652 ms
mlx N=100000 128^3 order=1 gather: 0.834 ms
mlx N=100000 128^3 order=1 push: 0.285 ms
mlx N=100000 128^3 order=1 poisson: 5.277 ms
mlx N=100000 128^3 order=1 pipeline: 6.446 ms
mlx N=100000 128^3 order=2 deposit: 0.941 ms
mlx N=100000 128^3 order=2 gather: 0.476 ms
mlx N=100000 128^3 order=2 push: 0.289 ms
mlx N=100000 128^3 order=2 poisson: 5.759 ms
mlx N=100000 128^3 order=2 pipeline: 6.551 ms
mlx N=1000000 128^3 order=1 deposit: 2.273 ms
mlx N=1000000 128^3 order=1 gather: 1.543 ms
mlx N=1000000 128^3 order=1 push: 0.720 ms
mlx N=1000000 128^3 order=1 poisson: 5.537 ms
mlx N=1000000 128^3 order=1 pipeline: 8.544 ms
mlx N=1000000 128^3 order=2 deposit: 4.460 ms
mlx N=1000000 128^3 order=2 gather: 1.872 ms
mlx N=1000000 128^3 order=2 push: 0.623 ms
mlx N=1000000 128^3 order=2 poisson: 5.181 ms
mlx N=1000000 128^3 order=2 pipeline: 11.765 ms
mlx N=10000000 128^3 order=1 deposit: 17.415 ms
mlx N=10000000 128^3 order=1 gather: 9.092 ms
mlx N=10000000 128^3 order=1 push: 4.167 ms
mlx N=10000000 128^3 order=1 poisson: 5.450 ms
mlx N=10000000 128^3 order=1 pipeline: 32.800 ms
mlx N=10000000 128^3 order=2 deposit: 40.011 ms
mlx N=10000000 128^3 order=2 gather: 15.507 ms
mlx N=10000000 128^3 order=2 push: 4.160 ms
mlx N=10000000 128^3 order=2 poisson: 5.281 ms
mlx N=10000000 128^3 order=2 pipeline: 64.005 ms
[Taichi] version 1.7.4, llvm 15.0.7, commit b4b956fd, osx, python 3.12.12
[Taichi] Starting on arch=metal
taichi-metal N=100000 64^3 order=1 deposit: 2.930 ms
taichi-metal N=100000 64^3 order=1 gather: 1.101 ms
taichi-metal N=100000 64^3 order=1 push: 2.303 ms
taichi-metal N=100000 64^3 order=1 poisson: 5.588 ms
taichi-metal N=100000 64^3 order=1 pipeline: 7.141 ms
taichi-metal N=100000 64^3 order=2 deposit: 3.554 ms
taichi-metal N=100000 64^3 order=2 gather: 0.874 ms
taichi-metal N=100000 64^3 order=2 push: 1.203 ms
taichi-metal N=100000 64^3 order=2 poisson: 4.918 ms
taichi-metal N=100000 64^3 order=2 pipeline: 7.645 ms
taichi-metal N=1000000 64^3 order=1 deposit: 3.148 ms
taichi-metal N=1000000 64^3 order=1 gather: 1.645 ms
taichi-metal N=1000000 64^3 order=1 push: 2.656 ms
taichi-metal N=1000000 64^3 order=1 poisson: 5.384 ms
taichi-metal N=1000000 64^3 order=1 pipeline: 10.326 ms
taichi-metal N=1000000 64^3 order=2 deposit: 7.474 ms
taichi-metal N=1000000 64^3 order=2 gather: 2.086 ms
taichi-metal N=1000000 64^3 order=2 push: 2.653 ms
taichi-metal N=1000000 64^3 order=2 poisson: 5.264 ms
taichi-metal N=1000000 64^3 order=2 pipeline: 15.076 ms
taichi-metal N=10000000 64^3 order=1 deposit: 19.210 ms
taichi-metal N=10000000 64^3 order=1 gather: 11.251 ms
taichi-metal N=10000000 64^3 order=1 push: 20.160 ms
taichi-metal N=10000000 64^3 order=1 poisson: 5.718 ms
taichi-metal N=10000000 64^3 order=1 pipeline: 56.883 ms
taichi-metal N=10000000 64^3 order=2 deposit: 61.045 ms
taichi-metal N=10000000 64^3 order=2 gather: 15.343 ms
taichi-metal N=10000000 64^3 order=2 push: 19.259 ms
taichi-metal N=10000000 64^3 order=2 poisson: 5.471 ms
taichi-metal N=10000000 64^3 order=2 pipeline: 104.526 ms
taichi-metal N=100000 128^3 order=1 deposit: 3.083 ms
taichi-metal N=100000 128^3 order=1 gather: 1.534 ms
taichi-metal N=100000 128^3 order=1 push: 2.483 ms
taichi-metal N=100000 128^3 order=1 poisson: 14.200 ms
taichi-metal N=100000 128^3 order=1 pipeline: 15.883 ms
taichi-metal N=100000 128^3 order=2 deposit: 2.668 ms
taichi-metal N=100000 128^3 order=2 gather: 0.997 ms
taichi-metal N=100000 128^3 order=2 push: 1.201 ms
taichi-metal N=100000 128^3 order=2 poisson: 15.281 ms
taichi-metal N=100000 128^3 order=2 pipeline: 19.708 ms
taichi-metal N=1000000 128^3 order=1 deposit: 4.203 ms
taichi-metal N=1000000 128^3 order=1 gather: 2.101 ms
taichi-metal N=1000000 128^3 order=1 push: 2.639 ms
taichi-metal N=1000000 128^3 order=1 poisson: 16.527 ms
taichi-metal N=1000000 128^3 order=1 pipeline: 24.287 ms
taichi-metal N=1000000 128^3 order=2 deposit: 8.169 ms
taichi-metal N=1000000 128^3 order=2 gather: 3.038 ms
taichi-metal N=1000000 128^3 order=2 push: 2.763 ms
taichi-metal N=1000000 128^3 order=2 poisson: 16.011 ms
taichi-metal N=1000000 128^3 order=2 pipeline: 29.838 ms
taichi-metal N=10000000 128^3 order=1 deposit: 20.146 ms
taichi-metal N=10000000 128^3 order=1 gather: 14.426 ms
taichi-metal N=10000000 128^3 order=1 push: 18.270 ms
taichi-metal N=10000000 128^3 order=1 poisson: 14.132 ms
taichi-metal N=10000000 128^3 order=1 pipeline: 62.940 ms
taichi-metal N=10000000 128^3 order=2 deposit: 61.683 ms
taichi-metal N=10000000 128^3 order=2 gather: 25.467 ms
taichi-metal N=10000000 128^3 order=2 push: 18.619 ms
taichi-metal N=10000000 128^3 order=2 poisson: 14.335 ms
taichi-metal N=10000000 128^3 order=2 pipeline: 133.563 ms
